
> betlab-web@0.1.0 build C:\Users\bloraydev\Documents\Documents\Espace de Travail\Projets\BetLab\betlab-web-public
> next build

Ôû▓ Next.js 16.1.5 (Turbopack)
- Environments: .env.local
- Experiments (use with caution):
  ┬À optimizePackageImports
  ┬À serverActions

  Creating an optimized production build ...
pnpm : 
Au caractère Ligne:1 : 1
+ pnpm build > 
build_output.txt 2>&1
+ ~~~~~~~~~~~~~~~~~~~~~~~
~~~~~~~~~~~
    + CategoryInfo       
       : NotSpecified:   
  (:String) [], Remote   
 Exception
    + FullyQualifiedErro 
   rId : NativeCommandE  
  rror
 
> Build error occurred
Error: Turbopack build 
failed with 2 errors:
./src/presentation/compon
ents/features/virtual-mat
ch/virtual-match-page.tsx
:5:1
Export Vs doesn't exist 
in target module
[0m [90m 3 |[39m 
[36mimport[39m 
[33m*[39m [36mas[39m 
[33mReact[39m 
[36mfrom[39m [32m"reac
t"[39m[33m;[39m
 [90m 4 |[39m 
[36mimport[39m { 
[33mTeamSearch[39m } 
[36mfrom[39m [32m"./te
am-search"[39m[33m;[39
m
[31m[1m>[22m[39m[90m
 5 |[39m 
[36mimport[39m { 
[33mZap[39m[33m,[39m 
[33mVs[39m[33m,[39m 
[33mTrophy[39m[33m,[39
m [33mTrendingUp[39m[3
3m,[39m [33mInfo[39m[
33m,[39m [33mLoader2[3
9m[33m,[39m 
[33mPlay[39m } 
[36mfrom[39m [32m"luci
de-react"[39m[33m;[39m
 [90m   |[39m [31m[1m
^[22m[39m[31m[1m^[22
m[39m[31m[1m^[22m[39
m[31m[1m^[22m[39m[31
m[1m^[22m[39m[31m[1m
^[22m[39m[31m[1m^[22
m[39m[31m[1m^[22m[39
m[31m[1m^[22m[39m[31
m[1m^[22m[39m[31m[1m
^[22m[39m[31m[1m^[22
m[39m[31m[1m^[22m[39
m[31m[1m^[22m[39m[31
m[1m^[22m[39m[31m[1m
^[22m[39m[31m[1m^[22
m[39m[31m[1m^[22m[39
m[31m[1m^[22m[39m[31
m[1m^[22m[39m[31m[1m
^[22m[39m[31m[1m^[22
m[39m[31m[1m^[22m[39
m[31m[1m^[22m[39m[31
m[1m^[22m[39m[31m[1m
^[22m[39m[31m[1m^[22
m[39m[31m[1m^[22m[39
m[31m[1m^[22m[39m[31
m[1m^[22m[39m[31m[1m
^[22m[39m[31m[1m^[22
m[39m[31m[1m^[22m[39
m[31m[1m^[22m[39m[31
m[1m^[22m[39m[31m[1m
^[22m[39m[31m[1m^[22
m[39m[31m[1m^[22m[39
m[31m[1m^[22m[39m[31
m[1m^[22m[39m[31m[1m
^[22m[39m[31m[1m^[22
m[39m[31m[1m^[22m[39
m[31m[1m^[22m[39m[31
m[1m^[22m[39m[31m[1m
^[22m[39m[31m[1m^[22
m[39m[31m[1m^[22m[39
m[31m[1m^[22m[39m[31
m[1m^[22m[39m[31m[1m
^[22m[39m[31m[1m^[22
m[39m[31m[1m^[22m[39
m[31m[1m^[22m[39m[31
m[1m^[22m[39m[31m[1m
^[22m[39m[31m[1m^[22
m[39m[31m[1m^[22m[39
m[31m[1m^[22m[39m[31
m[1m^[22m[39m[31m[1m
^[22m[39m[31m[1m^[22
m[39m[31m[1m^[22m[39
m[31m[1m^[22m[39m[31
m[1m^[22m[39m[31m[1m
^[22m[39m[31m[1m^[22
m[39m[31m[1m^[22m[39
m[31m[1m^[22m[39m[31
m[1m^[22m[39m[31m[1m
^[22m[39m[31m[1m^[22
m[39m[31m[1m^[22m[39
m[31m[1m^[22m[39m[31
m[1m^[22m[39m[31m[1m
^[22m[39m[31m[1m^[22
m[39m[31m[1m^[22m[39
m[31m[1m^[22m[39m[31
m[1m^[22m[39m
 [90m 6 |[39m 
[36mimport[39m { cn } 
[36mfrom[39m [32m"@/sh
ared/utils"[39m[33m;[3
9m
 [90m 7 |[39m 
[36mimport[39m { 
[33mButton[39m } 
[36mfrom[39m [32m"@/pr
esentation/components/ui/
button"[39m[33m;[39m
 [90m 8 |[39m 
[36mimport[39m { 
[33mGoalsHeatmap[39m } 
[36mfrom[39m [32m"../m
atch-detail/smart-analysi
s/goals-heatmap"[39m[33
m;[39m[0m

The export Vs was not 
found in module [project]
/node_modules/.pnpm/lucid
e-react@0.552.0_react@19.
2.4/node_modules/lucide-r
eact/dist/esm/lucide-reac
t.js [app-client] 
(ecmascript).
Did you mean to import 
VenusIcon?
All exports of the 
module are statically 
known (It doesn't have 
dynamic exports). So 
it's known statically 
that the requested 
export doesn't exist.

Import trace:
  Server Component:
    ./src/presentation/co
mponents/features/virtual
-match/virtual-match-page
.tsx
    ./src/app/(public)/vi
rtual-match/page.tsx


./src/presentation/compon
ents/features/virtual-mat
ch/virtual-match-page.tsx
:5:1
Export Vs doesn't exist 
in target module
[0m [90m 3 |[39m 
[36mimport[39m 
[33m*[39m [36mas[39m 
[33mReact[39m 
[36mfrom[39m 
[32m"react"[39m
 [90m 4 |[39m 
[36mimport[39m { 
[33mTeamSearch[39m } 
[36mfrom[39m 
[32m"./team-search"[39m
[31m[1m>[22m[39m[90m
 5 |[39m 
[36mimport[39m { 
[33mZap[39m[33m,[39m 
[33mVs[39m[33m,[39m 
[33mTrophy[39m[33m,[39
m [33mTrendingUp[39m[3
3m,[39m [33mInfo[39m[
33m,[39m [33mLoader2[3
9m[33m,[39m 
[33mPlay[39m } 
[36mfrom[39m 
[32m"lucide-react"[39m
 [90m   |[39m [31m[1m
^[22m[39m[31m[1m^[22
m[39m[31m[1m^[22m[39
m[31m[1m^[22m[39m[31
m[1m^[22m[39m[31m[1m
^[22m[39m[31m[1m^[22
m[39m[31m[1m^[22m[39
m[31m[1m^[22m[39m[31
m[1m^[22m[39m[31m[1m
^[22m[39m[31m[1m^[22
m[39m[31m[1m^[22m[39
m[31m[1m^[22m[39m[31
m[1m^[22m[39m[31m[1m
^[22m[39m[31m[1m^[22
m[39m[31m[1m^[22m[39
m[31m[1m^[22m[39m[31
m[1m^[22m[39m[31m[1m
^[22m[39m[31m[1m^[22
m[39m[31m[1m^[22m[39
m[31m[1m^[22m[39m[31
m[1m^[22m[39m[31m[1m
^[22m[39m[31m[1m^[22
m[39m[31m[1m^[22m[39
m[31m[1m^[22m[39m[31
m[1m^[22m[39m[31m[1m
^[22m[39m[31m[1m^[22
m[39m[31m[1m^[22m[39
m[31m[1m^[22m[39m[31
m[1m^[22m[39m[31m[1m
^[22m[39m[31m[1m^[22
m[39m[31m[1m^[22m[39
m[31m[1m^[22m[39m[31
m[1m^[22m[39m[31m[1m
^[22m[39m[31m[1m^[22
m[39m[31m[1m^[22m[39
m[31m[1m^[22m[39m[31
m[1m^[22m[39m[31m[1m
^[22m[39m[31m[1m^[22
m[39m[31m[1m^[22m[39
m[31m[1m^[22m[39m[31
m[1m^[22m[39m[31m[1m
^[22m[39m[31m[1m^[22
m[39m[31m[1m^[22m[39
m[31m[1m^[22m[39m[31
m[1m^[22m[39m[31m[1m
^[22m[39m[31m[1m^[22
m[39m[31m[1m^[22m[39
m[31m[1m^[22m[39m[31
m[1m^[22m[39m[31m[1m
^[22m[39m[31m[1m^[22
m[39m[31m[1m^[22m[39
m[31m[1m^[22m[39m[31
m[1m^[22m[39m[31m[1m
^[22m[39m[31m[1m^[22
m[39m[31m[1m^[22m[39
m[31m[1m^[22m[39m[31
m[1m^[22m[39m[31m[1m
^[22m[39m[31m[1m^[22
m[39m[31m[1m^[22m[39
m[31m[1m^[22m[39m[31
m[1m^[22m[39m[31m[1m
^[22m[39m[31m[1m^[22
m[39m[31m[1m^[22m[39
m[31m[1m^[22m[39m
 [90m 6 |[39m 
[36mimport[39m { cn } 
[36mfrom[39m [32m"@/sh
ared/utils"[39m
 [90m 7 |[39m 
[36mimport[39m { 
[33mButton[39m } 
[36mfrom[39m [32m"@/pr
esentation/components/ui/
button"[39m
 [90m 8 |[39m 
[36mimport[39m { 
[33mGoalsHeatmap[39m } 
[36mfrom[39m [32m"../m
atch-detail/smart-analysi
s/goals-heatmap"[39m[0m

The export Vs was not 
found in module [project]
/node_modules/.pnpm/lucid
e-react@0.552.0_react@19.
2.4/node_modules/lucide-r
eact/dist/esm/lucide-reac
t.js [app-ssr] 
(ecmascript).
Did you mean to import 
VenusIcon?
All exports of the 
module are statically 
known (It doesn't have 
dynamic exports). So 
it's known statically 
that the requested 
export doesn't exist.

Import trace:
  Server Component:
    ./src/presentation/co
mponents/features/virtual
-match/virtual-match-page
.tsx
    ./src/app/(public)/vi
rtual-match/page.tsx


    at <unknown> (./src/p
resentation/components/fe
atures/virtual-match/virt
ual-match-page.tsx:5:1)
    at <unknown> (./src/p
resentation/components/fe
atures/virtual-match/virt
ual-match-page.tsx:5:1)
ÔÇëELIFECYCLEÔÇë Command failed with exit code 1.
